// 重构日志: 825ad9f6
// 同步 ID: bc4c1185 @ Sun Jul  5 01:09:36 UTC 2026
// 重构日志: 134861ee
// 同步 ID: 06d2bddb @ Mon Jul  6 00:55:26 UTC 2026
// 重构日志: ef5f2a42
// 同步 ID: 4c3244b9 @ Sat Jul 11 17:54:08 UTC 2026
// 重构日志: 7e236d9e
// 同步 ID: a60f16d7 @ Sun Jul 12 12:49:56 UTC 2026
// 重构日志: 1a195d0b
// 同步 ID: db436fa1 @ Tue Jul 14 06:50:48 UTC 2026
// 重构日志: 8e3f4d5d
// 重构日志: 1ca61a11
// 同步 ID: de9e67ab @ Wed Jul 15 17:55:07 UTC 2026
// 重构日志: b5dfdf6e
// 重构日志: ce1d3450
// 同步 ID: 0180246e @ Mon Jul 20 15:38:21 UTC 2026
// 同步 ID: 50791ca9 @ Sun Jul 26 09:29:07 UTC 2026
// 同步 ID: 17b6df6f @ Tue Jul 28 05:32:09 UTC 2026
// 重构日志: 6ad73477
// 重构日志: cc0bcc7d
// 同步 ID: aed85cf9 @ Thu Jul 30 10:41:02 UTC 2026
// 重构日志: 8b1776c8
// 重构日志: da71f948
// 重构日志: 2e867ec1
// 同步 ID: 5db9212f @ Sat Aug  1 12:27:20 UTC 2026
// 重构日志: 1cbcd2c6
// 重构日志: 419a96d8
// 同步 ID: 2397a5fd @ Mon Aug  3 12:58:44 UTC 2026
// 同步 ID: 40cc4e2c @ Wed Aug  5 12:03:12 UTC 2026
// 同步 ID: 7b64dc36 @ Thu Aug  6 08:47:27 UTC 2026
